[   15149ms] [INFO] %cDownload the React DevTools for a better development experience: https://react.dev/link/react-devtools font-weight:bold @ webpack-internal:///(app-pages-browser)/./node_modules/next/dist/next-devtools/shared/forward-logs-shared.js:27
[   16473ms] [LOG] [HMR] connected @ webpack-internal:///(app-pages-browser)/./node_modules/next/dist/next-devtools/shared/forward-logs-shared.js:27
[   16490ms] [LOG] [Fast Refresh] rebuilding @ webpack-internal:///(app-pages-browser)/./node_modules/next/dist/next-devtools/shared/forward-logs-shared.js:27
[   16540ms] [INFO] [perf] web_vital_fcp: 14728ms {duration_ms: 14728, rating: poor, nav_type: navigate} @ webpack-internal:///(app-pages-browser)/./node_modules/next/dist/next-devtools/shared/forward-logs-shared.js:27
[   16541ms] [INFO] [perf] web_vital_ttfb: 14591.8ms {duration_ms: 14591.8, rating: poor, nav_type: navigate} @ webpack-internal:///(app-pages-browser)/./node_modules/next/dist/next-devtools/shared/forward-logs-shared.js:27
[   17730ms] [LOG] [Fast Refresh] rebuilding @ webpack-internal:///(app-pages-browser)/./node_modules/next/dist/next-devtools/shared/forward-logs-shared.js:27
[   18182ms] [LOG] [Fast Refresh] done in 452ms @ webpack-internal:///(app-pages-browser)/./node_modules/next/dist/next-devtools/shared/forward-logs-shared.js:27
[   18220ms] [INFO] [perf] web_vital_fcp: 14728ms {duration_ms: 14728, rating: poor, nav_type: navigate} @ webpack-internal:///(app-pages-browser)/./node_modules/next/dist/next-devtools/shared/forward-logs-shared.js:27
[   18220ms] [INFO] [perf] web_vital_ttfb: 14591.8ms {duration_ms: 14591.8, rating: poor, nav_type: navigate} @ webpack-internal:///(app-pages-browser)/./node_modules/next/dist/next-devtools/shared/forward-logs-shared.js:27
[   18300ms] [LOG] [Fast Refresh] rebuilding @ webpack-internal:///(app-pages-browser)/./node_modules/next/dist/next-devtools/shared/forward-logs-shared.js:27
[   18394ms] [LOG] [Fast Refresh] done in 95ms @ webpack-internal:///(app-pages-browser)/./node_modules/next/dist/next-devtools/shared/forward-logs-shared.js:27
[   18599ms] [INFO] [perf] web_vital_fcp: 14728ms {duration_ms: 14728, rating: poor, nav_type: navigate} @ webpack-internal:///(app-pages-browser)/./node_modules/next/dist/next-devtools/shared/forward-logs-shared.js:27
[   18600ms] [INFO] [perf] web_vital_ttfb: 14591.8ms {duration_ms: 14591.8, rating: poor, nav_type: navigate} @ webpack-internal:///(app-pages-browser)/./node_modules/next/dist/next-devtools/shared/forward-logs-shared.js:27
[   18668ms] [LOG] [Fast Refresh] rebuilding @ webpack-internal:///(app-pages-browser)/./node_modules/next/dist/next-devtools/shared/forward-logs-shared.js:27
[   18844ms] [LOG] [Fast Refresh] done in 176ms @ webpack-internal:///(app-pages-browser)/./node_modules/next/dist/next-devtools/shared/forward-logs-shared.js:27
[   18958ms] [INFO] [perf] web_vital_fcp: 14728ms {duration_ms: 14728, rating: poor, nav_type: navigate} @ webpack-internal:///(app-pages-browser)/./node_modules/next/dist/next-devtools/shared/forward-logs-shared.js:27
[   18958ms] [INFO] [perf] web_vital_ttfb: 14591.8ms {duration_ms: 14591.8, rating: poor, nav_type: navigate} @ webpack-internal:///(app-pages-browser)/./node_modules/next/dist/next-devtools/shared/forward-logs-shared.js:27
[   19044ms] [LOG] [Fast Refresh] rebuilding @ webpack-internal:///(app-pages-browser)/./node_modules/next/dist/next-devtools/shared/forward-logs-shared.js:27
[   19167ms] [LOG] [Fast Refresh] done in 122ms @ webpack-internal:///(app-pages-browser)/./node_modules/next/dist/next-devtools/shared/forward-logs-shared.js:27
[   19313ms] [INFO] [perf] web_vital_fcp: 14728ms {duration_ms: 14728, rating: poor, nav_type: navigate} @ webpack-internal:///(app-pages-browser)/./node_modules/next/dist/next-devtools/shared/forward-logs-shared.js:27
[   19313ms] [INFO] [perf] web_vital_ttfb: 14591.8ms {duration_ms: 14591.8, rating: poor, nav_type: navigate} @ webpack-internal:///(app-pages-browser)/./node_modules/next/dist/next-devtools/shared/forward-logs-shared.js:27
[   19405ms] [LOG] [Fast Refresh] rebuilding @ webpack-internal:///(app-pages-browser)/./node_modules/next/dist/next-devtools/shared/forward-logs-shared.js:27
[   19488ms] [LOG] [Fast Refresh] done in 84ms @ webpack-internal:///(app-pages-browser)/./node_modules/next/dist/next-devtools/shared/forward-logs-shared.js:27
[   19670ms] [INFO] [perf] web_vital_fcp: 14728ms {duration_ms: 14728, rating: poor, nav_type: navigate} @ webpack-internal:///(app-pages-browser)/./node_modules/next/dist/next-devtools/shared/forward-logs-shared.js:27
[   19671ms] [INFO] [perf] web_vital_ttfb: 14591.8ms {duration_ms: 14591.8, rating: poor, nav_type: navigate} @ webpack-internal:///(app-pages-browser)/./node_modules/next/dist/next-devtools/shared/forward-logs-shared.js:27
[   19756ms] [LOG] [Fast Refresh] rebuilding @ webpack-internal:///(app-pages-browser)/./node_modules/next/dist/next-devtools/shared/forward-logs-shared.js:27
[   19848ms] [LOG] [Fast Refresh] done in 93ms @ webpack-internal:///(app-pages-browser)/./node_modules/next/dist/next-devtools/shared/forward-logs-shared.js:27
[   20034ms] [INFO] [perf] web_vital_fcp: 14728ms {duration_ms: 14728, rating: poor, nav_type: navigate} @ webpack-internal:///(app-pages-browser)/./node_modules/next/dist/next-devtools/shared/forward-logs-shared.js:27
[   20035ms] [INFO] [perf] web_vital_ttfb: 14591.8ms {duration_ms: 14591.8, rating: poor, nav_type: navigate} @ webpack-internal:///(app-pages-browser)/./node_modules/next/dist/next-devtools/shared/forward-logs-shared.js:27
[   20122ms] [LOG] [Fast Refresh] rebuilding @ webpack-internal:///(app-pages-browser)/./node_modules/next/dist/next-devtools/shared/forward-logs-shared.js:27
[   20261ms] [LOG] [Fast Refresh] done in 139ms @ webpack-internal:///(app-pages-browser)/./node_modules/next/dist/next-devtools/shared/forward-logs-shared.js:27
[   20420ms] [INFO] [perf] web_vital_fcp: 14728ms {duration_ms: 14728, rating: poor, nav_type: navigate} @ webpack-internal:///(app-pages-browser)/./node_modules/next/dist/next-devtools/shared/forward-logs-shared.js:27
[   20420ms] [INFO] [perf] web_vital_ttfb: 14591.8ms {duration_ms: 14591.8, rating: poor, nav_type: navigate} @ webpack-internal:///(app-pages-browser)/./node_modules/next/dist/next-devtools/shared/forward-logs-shared.js:27
[   20506ms] [LOG] [Fast Refresh] rebuilding @ webpack-internal:///(app-pages-browser)/./node_modules/next/dist/next-devtools/shared/forward-logs-shared.js:27
[   20591ms] [LOG] [Fast Refresh] done in 86ms @ webpack-internal:///(app-pages-browser)/./node_modules/next/dist/next-devtools/shared/forward-logs-shared.js:27
[   20774ms] [INFO] [perf] web_vital_fcp: 14728ms {duration_ms: 14728, rating: poor, nav_type: navigate} @ webpack-internal:///(app-pages-browser)/./node_modules/next/dist/next-devtools/shared/forward-logs-shared.js:27
[   20775ms] [INFO] [perf] web_vital_ttfb: 14591.8ms {duration_ms: 14591.8, rating: poor, nav_type: navigate} @ webpack-internal:///(app-pages-browser)/./node_modules/next/dist/next-devtools/shared/forward-logs-shared.js:27
[   20870ms] [LOG] [Fast Refresh] rebuilding @ webpack-internal:///(app-pages-browser)/./node_modules/next/dist/next-devtools/shared/forward-logs-shared.js:27
[   20966ms] [LOG] [Fast Refresh] done in 97ms @ webpack-internal:///(app-pages-browser)/./node_modules/next/dist/next-devtools/shared/forward-logs-shared.js:27
[   21142ms] [INFO] [perf] web_vital_fcp: 14728ms {duration_ms: 14728, rating: poor, nav_type: navigate} @ webpack-internal:///(app-pages-browser)/./node_modules/next/dist/next-devtools/shared/forward-logs-shared.js:27
[   21143ms] [INFO] [perf] web_vital_ttfb: 14591.8ms {duration_ms: 14591.8, rating: poor, nav_type: navigate} @ webpack-internal:///(app-pages-browser)/./node_modules/next/dist/next-devtools/shared/forward-logs-shared.js:27
[   21219ms] [LOG] [Fast Refresh] rebuilding @ webpack-internal:///(app-pages-browser)/./node_modules/next/dist/next-devtools/shared/forward-logs-shared.js:27
[   21309ms] [LOG] [Fast Refresh] done in 90ms @ webpack-internal:///(app-pages-browser)/./node_modules/next/dist/next-devtools/shared/forward-logs-shared.js:27
[   21494ms] [INFO] [perf] web_vital_fcp: 14728ms {duration_ms: 14728, rating: poor, nav_type: navigate} @ webpack-internal:///(app-pages-browser)/./node_modules/next/dist/next-devtools/shared/forward-logs-shared.js:27
[   21495ms] [INFO] [perf] web_vital_ttfb: 14591.8ms {duration_ms: 14591.8, rating: poor, nav_type: navigate} @ webpack-internal:///(app-pages-browser)/./node_modules/next/dist/next-devtools/shared/forward-logs-shared.js:27
[   21562ms] [LOG] [Fast Refresh] rebuilding @ webpack-internal:///(app-pages-browser)/./node_modules/next/dist/next-devtools/shared/forward-logs-shared.js:27
[   21692ms] [LOG] [Fast Refresh] done in 130ms @ webpack-internal:///(app-pages-browser)/./node_modules/next/dist/next-devtools/shared/forward-logs-shared.js:27
[   21833ms] [INFO] [perf] web_vital_lcp: 14728ms {duration_ms: 14728, rating: poor, nav_type: navigate} @ webpack-internal:///(app-pages-browser)/./node_modules/next/dist/next-devtools/shared/forward-logs-shared.js:27
[   21834ms] [INFO] [perf] web_vital_cls: 0ms {duration_ms: 0, rating: good, nav_type: navigate} @ webpack-internal:///(app-pages-browser)/./node_modules/next/dist/next-devtools/shared/forward-logs-shared.js:27
[   21834ms] [INFO] [perf] web_vital_lcp: 14728ms {duration_ms: 14728, rating: poor, nav_type: navigate} @ webpack-internal:///(app-pages-browser)/./node_modules/next/dist/next-devtools/shared/forward-logs-shared.js:27
[   21834ms] [INFO] [perf] web_vital_cls: 0ms {duration_ms: 0, rating: good, nav_type: navigate} @ webpack-internal:///(app-pages-browser)/./node_modules/next/dist/next-devtools/shared/forward-logs-shared.js:27
[   21834ms] [INFO] [perf] web_vital_lcp: 14728ms {duration_ms: 14728, rating: poor, nav_type: navigate} @ webpack-internal:///(app-pages-browser)/./node_modules/next/dist/next-devtools/shared/forward-logs-shared.js:27
[   21834ms] [INFO] [perf] web_vital_cls: 0ms {duration_ms: 0, rating: good, nav_type: navigate} @ webpack-internal:///(app-pages-browser)/./node_modules/next/dist/next-devtools/shared/forward-logs-shared.js:27
[   21834ms] [INFO] [perf] web_vital_lcp: 14728ms {duration_ms: 14728, rating: poor, nav_type: navigate} @ webpack-internal:///(app-pages-browser)/./node_modules/next/dist/next-devtools/shared/forward-logs-shared.js:27
[   21834ms] [INFO] [perf] web_vital_cls: 0ms {duration_ms: 0, rating: good, nav_type: navigate} @ webpack-internal:///(app-pages-browser)/./node_modules/next/dist/next-devtools/shared/forward-logs-shared.js:27
[   21834ms] [INFO] [perf] web_vital_lcp: 14728ms {duration_ms: 14728, rating: poor, nav_type: navigate} @ webpack-internal:///(app-pages-browser)/./node_modules/next/dist/next-devtools/shared/forward-logs-shared.js:27
[   21835ms] [INFO] [perf] web_vital_cls: 0ms {duration_ms: 0, rating: good, nav_type: navigate} @ webpack-internal:///(app-pages-browser)/./node_modules/next/dist/next-devtools/shared/forward-logs-shared.js:27
[   21835ms] [INFO] [perf] web_vital_lcp: 14728ms {duration_ms: 14728, rating: poor, nav_type: navigate} @ webpack-internal:///(app-pages-browser)/./node_modules/next/dist/next-devtools/shared/forward-logs-shared.js:27
[   21835ms] [INFO] [perf] web_vital_cls: 0ms {duration_ms: 0, rating: good, nav_type: navigate} @ webpack-internal:///(app-pages-browser)/./node_modules/next/dist/next-devtools/shared/forward-logs-shared.js:27
[   21835ms] [INFO] [perf] web_vital_lcp: 14728ms {duration_ms: 14728, rating: poor, nav_type: navigate} @ webpack-internal:///(app-pages-browser)/./node_modules/next/dist/next-devtools/shared/forward-logs-shared.js:27
[   21835ms] [INFO] [perf] web_vital_cls: 0ms {duration_ms: 0, rating: good, nav_type: navigate} @ webpack-internal:///(app-pages-browser)/./node_modules/next/dist/next-devtools/shared/forward-logs-shared.js:27
[   21835ms] [INFO] [perf] web_vital_lcp: 14728ms {duration_ms: 14728, rating: poor, nav_type: navigate} @ webpack-internal:///(app-pages-browser)/./node_modules/next/dist/next-devtools/shared/forward-logs-shared.js:27
[   21835ms] [INFO] [perf] web_vital_cls: 0ms {duration_ms: 0, rating: good, nav_type: navigate} @ webpack-internal:///(app-pages-browser)/./node_modules/next/dist/next-devtools/shared/forward-logs-shared.js:27
[   21835ms] [INFO] [perf] web_vital_lcp: 14728ms {duration_ms: 14728, rating: poor, nav_type: navigate} @ webpack-internal:///(app-pages-browser)/./node_modules/next/dist/next-devtools/shared/forward-logs-shared.js:27
[   21835ms] [INFO] [perf] web_vital_cls: 0ms {duration_ms: 0, rating: good, nav_type: navigate} @ webpack-internal:///(app-pages-browser)/./node_modules/next/dist/next-devtools/shared/forward-logs-shared.js:27
[   21835ms] [INFO] [perf] web_vital_lcp: 14728ms {duration_ms: 14728, rating: poor, nav_type: navigate} @ webpack-internal:///(app-pages-browser)/./node_modules/next/dist/next-devtools/shared/forward-logs-shared.js:27
[   21835ms] [INFO] [perf] web_vital_cls: 0ms {duration_ms: 0, rating: good, nav_type: navigate} @ webpack-internal:///(app-pages-browser)/./node_modules/next/dist/next-devtools/shared/forward-logs-shared.js:27
[   21835ms] [INFO] [perf] web_vital_lcp: 14728ms {duration_ms: 14728, rating: poor, nav_type: navigate} @ webpack-internal:///(app-pages-browser)/./node_modules/next/dist/next-devtools/shared/forward-logs-shared.js:27
[   21836ms] [INFO] [perf] web_vital_cls: 0ms {duration_ms: 0, rating: good, nav_type: navigate} @ webpack-internal:///(app-pages-browser)/./node_modules/next/dist/next-devtools/shared/forward-logs-shared.js:27
